npm warn Unknown project config "public-hoist-pattern". This will stop working in the next major version of npm.

[1m[46m RUN [49m[22m [36mv4.0.15 [39m[90m/home/anant/Desktop/gsoc/talawa-plugin[39m

[90mstderr[2m | test/plugins/razorpay/admin/DonationForm.test.tsx[2m > [22m[2mDonationForm[2m > [22m[2mLoading State[2m > [22m[2mshould show loader while fetching data
[22m[39m⚠️ React Router Future Flag Warning: React Router will begin wrapping state updates in `React.startTransition` in v7. You can use the `v7_startTransition` future flag to opt-in early. For more information, see https://reactrouter.com/v6/upgrading/future#v7_starttransition.
⚠️ React Router Future Flag Warning: Relative route resolution within Splat routes is changing in v7. You can use the `v7_relativeSplatPath` future flag to opt-in early. For more information, see https://reactrouter.com/v6/upgrading/future#v7_relativesplatpath.

[90mstderr[2m | test/plugins/razorpay/admin/DonationForm.test.tsx[2m > [22m[2mDonationForm[2m > [22m[2mRendering[2m > [22m[2mshould render organization details
[22m[39mWarning: `controlId` is ignored on `<FormLabel>` when `htmlFor` is specified.
Warning: `controlId` is ignored on `<FormControl>` when `id` is specified.
Warning: `controlId` is ignored on `<FormLabel>` when `htmlFor` is specified.
Warning: `controlId` is ignored on `<FormControl>` when `id` is specified.

[90mstderr[2m | test/plugins/razorpay/admin/DonationForm.test.tsx[2m > [22m[2mDonationForm[2m > [22m[2mRendering[2m > [22m[2mshould render organization details
[22m[39mWarning: `controlId` is ignored on `<FormLabel>` when `htmlFor` is specified.
Warning: `controlId` is ignored on `<FormControl>` when `id` is specified.
Warning: `controlId` is ignored on `<FormLabel>` when `htmlFor` is specified.
Warning: `controlId` is ignored on `<FormControl>` when `id` is specified.

[90mstderr[2m | test/plugins/razorpay/admin/DonationForm.test.tsx[2m > [22m[2mDonationForm[2m > [22m[2mRendering[2m > [22m[2mshould pre-fill user details
[22m[39mWarning: `controlId` is ignored on `<FormLabel>` when `htmlFor` is specified.
Warning: `controlId` is ignored on `<FormControl>` when `id` is specified.
Warning: `controlId` is ignored on `<FormLabel>` when `htmlFor` is specified.
Warning: `controlId` is ignored on `<FormControl>` when `id` is specified.

[90mstderr[2m | test/plugins/razorpay/admin/DonationForm.test.tsx[2m > [22m[2mDonationForm[2m > [22m[2mRendering[2m > [22m[2mshould pre-fill user details
[22m[39mWarning: `controlId` is ignored on `<FormLabel>` when `htmlFor` is specified.
Warning: `controlId` is ignored on `<FormControl>` when `id` is specified.
Warning: `controlId` is ignored on `<FormLabel>` when `htmlFor` is specified.
Warning: `controlId` is ignored on `<FormControl>` when `id` is specified.

[90mstderr[2m | test/plugins/razorpay/admin/DonationForm.test.tsx[2m > [22m[2mDonationForm[2m > [22m[2mForm Interaction[2m > [22m[2mshould update amount when typing
[22m[39mWarning: `controlId` is ignored on `<FormLabel>` when `htmlFor` is specified.
Warning: `controlId` is ignored on `<FormControl>` when `id` is specified.
Warning: `controlId` is ignored on `<FormLabel>` when `htmlFor` is specified.
Warning: `controlId` is ignored on `<FormControl>` when `id` is specified.

[90mstderr[2m | test/plugins/razorpay/admin/DonationForm.test.tsx[2m > [22m[2mDonationForm[2m > [22m[2mForm Interaction[2m > [22m[2mshould update amount when typing
[22m[39mWarning: `controlId` is ignored on `<FormLabel>` when `htmlFor` is specified.
Warning: `controlId` is ignored on `<FormControl>` when `id` is specified.
Warning: `controlId` is ignored on `<FormLabel>` when `htmlFor` is specified.
Warning: `controlId` is ignored on `<FormControl>` when `id` is specified.

[90mstderr[2m | test/plugins/razorpay/admin/DonationForm.test.tsx[2m > [22m[2mDonationForm[2m > [22m[2mForm Interaction[2m > [22m[2mshould update amount when typing
[22m[39mWarning: `controlId` is ignored on `<FormLabel>` when `htmlFor` is specified.
Warning: `controlId` is ignored on `<FormControl>` when `id` is specified.
Warning: `controlId` is ignored on `<FormLabel>` when `htmlFor` is specified.
Warning: `controlId` is ignored on `<FormControl>` when `id` is specified.

[90mstderr[2m | test/plugins/razorpay/admin/DonationForm.test.tsx[2m > [22m[2mDonationForm[2m > [22m[2mForm Interaction[2m > [22m[2mshould enable submit button when form is valid
[22m[39mWarning: `controlId` is ignored on `<FormLabel>` when `htmlFor` is specified.
Warning: `controlId` is ignored on `<FormControl>` when `id` is specified.
Warning: `controlId` is ignored on `<FormLabel>` when `htmlFor` is specified.
Warning: `controlId` is ignored on `<FormControl>` when `id` is specified.

[90mstderr[2m | test/plugins/razorpay/admin/DonationForm.test.tsx[2m > [22m[2mDonationForm[2m > [22m[2mForm Interaction[2m > [22m[2mshould enable submit button when form is valid
[22m[39mWarning: `controlId` is ignored on `<FormLabel>` when `htmlFor` is specified.
Warning: `controlId` is ignored on `<FormControl>` when `id` is specified.
Warning: `controlId` is ignored on `<FormLabel>` when `htmlFor` is specified.
Warning: `controlId` is ignored on `<FormControl>` when `id` is specified.

[90mstderr[2m | test/plugins/razorpay/admin/DonationForm.test.tsx[2m > [22m[2mDonationForm[2m > [22m[2mForm Interaction[2m > [22m[2mshould enable submit button when form is valid
[22m[39mWarning: `controlId` is ignored on `<FormLabel>` when `htmlFor` is specified.
Warning: `controlId` is ignored on `<FormControl>` when `id` is specified.
Warning: `controlId` is ignored on `<FormLabel>` when `htmlFor` is specified.
Warning: `controlId` is ignored on `<FormControl>` when `id` is specified.

[90mstderr[2m | test/plugins/razorpay/admin/DonationForm.test.tsx[2m > [22m[2mDonationForm[2m > [22m[2mPayment Flow[2m > [22m[2mshould initiate payment on submit
[22m[39mWarning: `controlId` is ignored on `<FormLabel>` when `htmlFor` is specified.
Warning: `controlId` is ignored on `<FormControl>` when `id` is specified.
Warning: `controlId` is ignored on `<FormLabel>` when `htmlFor` is specified.
Warning: `controlId` is ignored on `<FormControl>` when `id` is specified.

[90mstderr[2m | test/plugins/razorpay/admin/DonationForm.test.tsx[2m > [22m[2mDonationForm[2m > [22m[2mPayment Flow[2m > [22m[2mshould initiate payment on submit
[22m[39mWarning: `controlId` is ignored on `<FormLabel>` when `htmlFor` is specified.
Warning: `controlId` is ignored on `<FormControl>` when `id` is specified.
Warning: `controlId` is ignored on `<FormLabel>` when `htmlFor` is specified.
Warning: `controlId` is ignored on `<FormControl>` when `id` is specified.

[90mstderr[2m | test/plugins/razorpay/admin/DonationForm.test.tsx[2m > [22m[2mDonationForm[2m > [22m[2mPayment Flow[2m > [22m[2mshould initiate payment on submit
[22m[39mWarning: `controlId` is ignored on `<FormLabel>` when `htmlFor` is specified.
Warning: `controlId` is ignored on `<FormControl>` when `id` is specified.
Warning: `controlId` is ignored on `<FormLabel>` when `htmlFor` is specified.
Warning: `controlId` is ignored on `<FormControl>` when `id` is specified.

[90mstderr[2m | test/plugins/razorpay/admin/DonationForm.test.tsx[2m > [22m[2mDonationForm[2m > [22m[2mPayment Flow[2m > [22m[2mshould initiate payment on submit
[22m[39mWarning: `controlId` is ignored on `<FormLabel>` when `htmlFor` is specified.
Warning: `controlId` is ignored on `<FormControl>` when `id` is specified.
Warning: `controlId` is ignored on `<FormLabel>` when `htmlFor` is specified.
Warning: `controlId` is ignored on `<FormControl>` when `id` is specified.
[vitest] The vi.fn() mock did not use 'function' or 'class' in its implementation, see https://vitest.dev/api/vi#vi-spyon for examples.

[90mstderr[2m | test/plugins/razorpay/admin/DonationForm.test.tsx[2m > [22m[2mDonationForm[2m > [22m[2mPayment Flow[2m > [22m[2mshould initiate payment on submit
[22m[39mWarning: `controlId` is ignored on `<FormLabel>` when `htmlFor` is specified.
Warning: `controlId` is ignored on `<FormControl>` when `id` is specified.
Warning: `controlId` is ignored on `<FormLabel>` when `htmlFor` is specified.
Warning: `controlId` is ignored on `<FormControl>` when `id` is specified.

[90mstderr[2m | test/plugins/razorpay/admin/DonationForm.test.tsx[2m > [22m[2mDonationForm[2m > [22m[2mError Handling[2m > [22m[2mshould handle CREATE_PAYMENT_ORDER mutation failure
[22m[39mWarning: `controlId` is ignored on `<FormLabel>` when `htmlFor` is specified.
Warning: `controlId` is ignored on `<FormControl>` when `id` is specified.
Warning: `controlId` is ignored on `<FormLabel>` when `htmlFor` is specified.
Warning: `controlId` is ignored on `<FormControl>` when `id` is specified.

[90mstderr[2m | test/plugins/razorpay/admin/DonationForm.test.tsx[2m > [22m[2mDonationForm[2m > [22m[2mError Handling[2m > [22m[2mshould handle CREATE_PAYMENT_ORDER mutation failure
[22m[39mWarning: `controlId` is ignored on `<FormLabel>` when `htmlFor` is specified.
Warning: `controlId` is ignored on `<FormControl>` when `id` is specified.
Warning: `controlId` is ignored on `<FormLabel>` when `htmlFor` is specified.
Warning: `controlId` is ignored on `<FormControl>` when `id` is specified.

[90mstderr[2m | test/plugins/razorpay/admin/DonationForm.test.tsx[2m > [22m[2mDonationForm[2m > [22m[2mError Handling[2m > [22m[2mshould handle CREATE_PAYMENT_ORDER mutation failure
[22m[39mWarning: `controlId` is ignored on `<FormLabel>` when `htmlFor` is specified.
Warning: `controlId` is ignored on `<FormControl>` when `id` is specified.
Warning: `controlId` is ignored on `<FormLabel>` when `htmlFor` is specified.
Warning: `controlId` is ignored on `<FormControl>` when `id` is specified.

[90mstderr[2m | test/plugins/razorpay/admin/DonationForm.test.tsx[2m > [22m[2mDonationForm[2m > [22m[2mError Handling[2m > [22m[2mshould handle CREATE_PAYMENT_ORDER mutation failure
[22m[39mWarning: `controlId` is ignored on `<FormLabel>` when `htmlFor` is specified.
Warning: `controlId` is ignored on `<FormControl>` when `id` is specified.
Warning: `controlId` is ignored on `<FormLabel>` when `htmlFor` is specified.
Warning: `controlId` is ignored on `<FormControl>` when `id` is specified.

[90mstderr[2m | test/plugins/razorpay/admin/DonationForm.test.tsx[2m > [22m[2mDonationForm[2m > [22m[2mError Handling[2m > [22m[2mshould handle CREATE_PAYMENT_ORDER mutation failure
[22m[39mWarning: `controlId` is ignored on `<FormLabel>` when `htmlFor` is specified.
Warning: `controlId` is ignored on `<FormControl>` when `id` is specified.
Warning: `controlId` is ignored on `<FormLabel>` when `htmlFor` is specified.
Warning: `controlId` is ignored on `<FormControl>` when `id` is specified.

[90mstderr[2m | test/plugins/razorpay/admin/DonationForm.test.tsx[2m > [22m[2mDonationForm[2m > [22m[2mError Handling[2m > [22m[2mshould not allow submission with zero amount
[22m[39mWarning: `controlId` is ignored on `<FormLabel>` when `htmlFor` is specified.
Warning: `controlId` is ignored on `<FormControl>` when `id` is specified.
Warning: `controlId` is ignored on `<FormLabel>` when `htmlFor` is specified.
Warning: `controlId` is ignored on `<FormControl>` when `id` is specified.

[90mstderr[2m | test/plugins/razorpay/admin/DonationForm.test.tsx[2m > [22m[2mDonationForm[2m > [22m[2mError Handling[2m > [22m[2mshould not allow submission with zero amount
[22m[39mWarning: `controlId` is ignored on `<FormLabel>` when `htmlFor` is specified.
Warning: `controlId` is ignored on `<FormControl>` when `id` is specified.
Warning: `controlId` is ignored on `<FormLabel>` when `htmlFor` is specified.
Warning: `controlId` is ignored on `<FormControl>` when `id` is specified.

[90mstderr[2m | test/plugins/razorpay/admin/DonationForm.test.tsx[2m > [22m[2mDonationForm[2m > [22m[2mError Handling[2m > [22m[2mshould not allow submission with negative amount
[22m[39mWarning: `controlId` is ignored on `<FormLabel>` when `htmlFor` is specified.
Warning: `controlId` is ignored on `<FormControl>` when `id` is specified.
Warning: `controlId` is ignored on `<FormLabel>` when `htmlFor` is specified.
Warning: `controlId` is ignored on `<FormControl>` when `id` is specified.

[90mstderr[2m | test/plugins/razorpay/admin/DonationForm.test.tsx[2m > [22m[2mDonationForm[2m > [22m[2mError Handling[2m > [22m[2mshould not allow submission with negative amount
[22m[39mWarning: `controlId` is ignored on `<FormLabel>` when `htmlFor` is specified.
Warning: `controlId` is ignored on `<FormControl>` when `id` is specified.
Warning: `controlId` is ignored on `<FormLabel>` when `htmlFor` is specified.
Warning: `controlId` is ignored on `<FormControl>` when `id` is specified.

[90mstderr[2m | test/plugins/razorpay/admin/DonationForm.test.tsx[2m > [22m[2mDonationForm[2m > [22m[2mError Handling[2m > [22m[2mshould handle Razorpay checkout handler failure
[22m[39mWarning: `controlId` is ignored on `<FormLabel>` when `htmlFor` is specified.
Warning: `controlId` is ignored on `<FormControl>` when `id` is specified.
Warning: `controlId` is ignored on `<FormLabel>` when `htmlFor` is specified.
Warning: `controlId` is ignored on `<FormControl>` when `id` is specified.

[90mstderr[2m | test/plugins/razorpay/admin/DonationForm.test.tsx[2m > [22m[2mDonationForm[2m > [22m[2mError Handling[2m > [22m[2mshould handle Razorpay checkout handler failure
[22m[39mWarning: `controlId` is ignored on `<FormLabel>` when `htmlFor` is specified.
Warning: `controlId` is ignored on `<FormControl>` when `id` is specified.
Warning: `controlId` is ignored on `<FormLabel>` when `htmlFor` is specified.
Warning: `controlId` is ignored on `<FormControl>` when `id` is specified.

[90mstderr[2m | test/plugins/razorpay/admin/DonationForm.test.tsx[2m > [22m[2mDonationForm[2m > [22m[2mError Handling[2m > [22m[2mshould handle Razorpay checkout handler failure
[22m[39mWarning: `controlId` is ignored on `<FormLabel>` when `htmlFor` is specified.
Warning: `controlId` is ignored on `<FormControl>` when `id` is specified.
Warning: `controlId` is ignored on `<FormLabel>` when `htmlFor` is specified.
Warning: `controlId` is ignored on `<FormControl>` when `id` is specified.

[90mstderr[2m | test/plugins/razorpay/admin/DonationForm.test.tsx[2m > [22m[2mDonationForm[2m > [22m[2mError Handling[2m > [22m[2mshould handle Razorpay checkout handler failure
[22m[39mWarning: `controlId` is ignored on `<FormLabel>` when `htmlFor` is specified.
Warning: `controlId` is ignored on `<FormControl>` when `id` is specified.
Warning: `controlId` is ignored on `<FormLabel>` when `htmlFor` is specified.
Warning: `controlId` is ignored on `<FormControl>` when `id` is specified.

[90mstderr[2m | test/plugins/razorpay/admin/DonationForm.test.tsx[2m > [22m[2mDonationForm[2m > [22m[2mError Handling[2m > [22m[2mshould handle Razorpay checkout handler failure
[22m[39mWarning: `controlId` is ignored on `<FormLabel>` when `htmlFor` is specified.
Warning: `controlId` is ignored on `<FormControl>` when `id` is specified.
Warning: `controlId` is ignored on `<FormLabel>` when `htmlFor` is specified.
Warning: `controlId` is ignored on `<FormControl>` when `id` is specified.
[vitest] The vi.fn() mock did not use 'function' or 'class' in its implementation, see https://vitest.dev/api/vi#vi-spyon for examples.

[90mstderr[2m | test/plugins/razorpay/admin/DonationForm.test.tsx[2m > [22m[2mDonationForm[2m > [22m[2mError Handling[2m > [22m[2mshould handle Razorpay checkout handler failure
[22m[39mWarning: `controlId` is ignored on `<FormLabel>` when `htmlFor` is specified.
Warning: `controlId` is ignored on `<FormControl>` when `id` is specified.
Warning: `controlId` is ignored on `<FormLabel>` when `htmlFor` is specified.
Warning: `controlId` is ignored on `<FormControl>` when `id` is specified.

[90mstderr[2m | test/plugins/razorpay/admin/DonationForm.test.tsx[2m > [22m[2mDonationForm[2m > [22m[2mError Handling[2m > [22m[2mshould handle Razorpay SDK not available
[22m[39mWarning: `controlId` is ignored on `<FormLabel>` when `htmlFor` is specified.
Warning: `controlId` is ignored on `<FormControl>` when `id` is specified.
Warning: `controlId` is ignored on `<FormLabel>` when `htmlFor` is specified.
Warning: `controlId` is ignored on `<FormControl>` when `id` is specified.

[90mstderr[2m | test/plugins/razorpay/admin/DonationForm.test.tsx[2m > [22m[2mDonationForm[2m > [22m[2mError Handling[2m > [22m[2mshould handle Razorpay SDK not available
[22m[39mWarning: `controlId` is ignored on `<FormLabel>` when `htmlFor` is specified.
Warning: `controlId` is ignored on `<FormControl>` when `id` is specified.
Warning: `controlId` is ignored on `<FormLabel>` when `htmlFor` is specified.
Warning: `controlId` is ignored on `<FormControl>` when `id` is specified.

[90mstderr[2m | test/plugins/razorpay/admin/DonationForm.test.tsx[2m > [22m[2mDonationForm[2m > [22m[2mError Handling[2m > [22m[2mshould handle Razorpay SDK not available
[22m[39mWarning: `controlId` is ignored on `<FormLabel>` when `htmlFor` is specified.
Warning: `controlId` is ignored on `<FormControl>` when `id` is specified.
Warning: `controlId` is ignored on `<FormLabel>` when `htmlFor` is specified.
Warning: `controlId` is ignored on `<FormControl>` when `id` is specified.

[90mstderr[2m | test/plugins/razorpay/admin/DonationForm.test.tsx[2m > [22m[2mDonationForm[2m > [22m[2mError Handling[2m > [22m[2mshould handle Razorpay SDK not available
[22m[39mWarning: `controlId` is ignored on `<FormLabel>` when `htmlFor` is specified.
Warning: `controlId` is ignored on `<FormControl>` when `id` is specified.
Warning: `controlId` is ignored on `<FormLabel>` when `htmlFor` is specified.
Warning: `controlId` is ignored on `<FormControl>` when `id` is specified.

[90mstderr[2m | test/plugins/razorpay/admin/DonationForm.test.tsx[2m > [22m[2mDonationForm[2m > [22m[2mError Handling[2m > [22m[2mshould handle Razorpay SDK not available
[22m[39mWarning: `controlId` is ignored on `<FormLabel>` when `htmlFor` is specified.
Warning: `controlId` is ignored on `<FormControl>` when `id` is specified.
Warning: `controlId` is ignored on `<FormLabel>` when `htmlFor` is specified.
Warning: `controlId` is ignored on `<FormControl>` when `id` is specified.

[90mstderr[2m | test/plugins/razorpay/admin/DonationForm.test.tsx[2m > [22m[2mDonationForm[2m > [22m[2mError Handling[2m > [22m[2mshould handle Razorpay SDK not available
[22m[39mWarning: `controlId` is ignored on `<FormLabel>` when `htmlFor` is specified.
Warning: `controlId` is ignored on `<FormControl>` when `id` is specified.
Warning: `controlId` is ignored on `<FormLabel>` when `htmlFor` is specified.
Warning: `controlId` is ignored on `<FormControl>` when `id` is specified.

[90mstderr[2m | test/plugins/razorpay/admin/DonationForm.test.tsx[2m > [22m[2mDonationForm[2m > [22m[2mAccessibility[2m > [22m[2mshould have proper ARIA attributes on required form fields
[22m[39mWarning: `controlId` is ignored on `<FormLabel>` when `htmlFor` is specified.
Warning: `controlId` is ignored on `<FormControl>` when `id` is specified.
Warning: `controlId` is ignored on `<FormLabel>` when `htmlFor` is specified.
Warning: `controlId` is ignored on `<FormControl>` when `id` is specified.

[90mstderr[2m | test/plugins/razorpay/admin/DonationForm.test.tsx[2m > [22m[2mDonationForm[2m > [22m[2mAccessibility[2m > [22m[2mshould have proper ARIA attributes on required form fields
[22m[39mWarning: `controlId` is ignored on `<FormLabel>` when `htmlFor` is specified.
Warning: `controlId` is ignored on `<FormControl>` when `id` is specified.
Warning: `controlId` is ignored on `<FormLabel>` when `htmlFor` is specified.
Warning: `controlId` is ignored on `<FormControl>` when `id` is specified.

[90mstderr[2m | test/plugins/razorpay/admin/DonationForm.test.tsx[2m > [22m[2mDonationForm[2m > [22m[2mAccessibility[2m > [22m[2mshould submit form and open Razorpay modal
[22m[39mWarning: `controlId` is ignored on `<FormLabel>` when `htmlFor` is specified.
Warning: `controlId` is ignored on `<FormControl>` when `id` is specified.
Warning: `controlId` is ignored on `<FormLabel>` when `htmlFor` is specified.
Warning: `controlId` is ignored on `<FormControl>` when `id` is specified.

[90mstderr[2m | test/plugins/razorpay/admin/DonationForm.test.tsx[2m > [22m[2mDonationForm[2m > [22m[2mAccessibility[2m > [22m[2mshould submit form and open Razorpay modal
[22m[39mWarning: `controlId` is ignored on `<FormLabel>` when `htmlFor` is specified.
Warning: `controlId` is ignored on `<FormControl>` when `id` is specified.
Warning: `controlId` is ignored on `<FormLabel>` when `htmlFor` is specified.
Warning: `controlId` is ignored on `<FormControl>` when `id` is specified.

[90mstderr[2m | test/plugins/razorpay/admin/DonationForm.test.tsx[2m > [22m[2mDonationForm[2m > [22m[2mAccessibility[2m > [22m[2mshould submit form and open Razorpay modal
[22m[39mWarning: `controlId` is ignored on `<FormLabel>` when `htmlFor` is specified.
Warning: `controlId` is ignored on `<FormControl>` when `id` is specified.
Warning: `controlId` is ignored on `<FormLabel>` when `htmlFor` is specified.
Warning: `controlId` is ignored on `<FormControl>` when `id` is specified.

[90mstderr[2m | test/plugins/razorpay/admin/DonationForm.test.tsx[2m > [22m[2mDonationForm[2m > [22m[2mAccessibility[2m > [22m[2mshould submit form and open Razorpay modal
[22m[39mWarning: `controlId` is ignored on `<FormLabel>` when `htmlFor` is specified.
Warning: `controlId` is ignored on `<FormControl>` when `id` is specified.
Warning: `controlId` is ignored on `<FormLabel>` when `htmlFor` is specified.
Warning: `controlId` is ignored on `<FormControl>` when `id` is specified.

[90mstderr[2m | test/plugins/razorpay/admin/DonationForm.test.tsx[2m > [22m[2mDonationForm[2m > [22m[2mAccessibility[2m > [22m[2mshould submit form and open Razorpay modal
[22m[39mWarning: `controlId` is ignored on `<FormLabel>` when `htmlFor` is specified.
Warning: `controlId` is ignored on `<FormControl>` when `id` is specified.
Warning: `controlId` is ignored on `<FormLabel>` when `htmlFor` is specified.
Warning: `controlId` is ignored on `<FormControl>` when `id` is specified.
[vitest] The vi.fn() mock did not use 'function' or 'class' in its implementation, see https://vitest.dev/api/vi#vi-spyon for examples.

[90mstderr[2m | test/plugins/razorpay/admin/DonationForm.test.tsx[2m > [22m[2mDonationForm[2m > [22m[2mAccessibility[2m > [22m[2mshould submit form and open Razorpay modal
[22m[39mWarning: `controlId` is ignored on `<FormLabel>` when `htmlFor` is specified.
Warning: `controlId` is ignored on `<FormControl>` when `id` is specified.
Warning: `controlId` is ignored on `<FormLabel>` when `htmlFor` is specified.
Warning: `controlId` is ignored on `<FormControl>` when `id` is specified.

[90mstderr[2m | test/plugins/razorpay/admin/DonationForm.test.tsx[2m > [22m[2mDonationForm[2m > [22m[2mAccessibility[2m > [22m[2mshould show success screen after successful payment verification
[22m[39mWarning: `controlId` is ignored on `<FormLabel>` when `htmlFor` is specified.
Warning: `controlId` is ignored on `<FormControl>` when `id` is specified.
Warning: `controlId` is ignored on `<FormLabel>` when `htmlFor` is specified.
Warning: `controlId` is ignored on `<FormControl>` when `id` is specified.

[90mstderr[2m | test/plugins/razorpay/admin/DonationForm.test.tsx[2m > [22m[2mDonationForm[2m > [22m[2mAccessibility[2m > [22m[2mshould show success screen after successful payment verification
[22m[39mWarning: `controlId` is ignored on `<FormLabel>` when `htmlFor` is specified.
Warning: `controlId` is ignored on `<FormControl>` when `id` is specified.
Warning: `controlId` is ignored on `<FormLabel>` when `htmlFor` is specified.
Warning: `controlId` is ignored on `<FormControl>` when `id` is specified.

[90mstdout[2m | test/plugins/razorpay/admin/DonationForm.test.tsx[2m > [22m[2mDonationForm[2m > [22m[2mAccessibility[2m > [22m[2mshould show success screen after successful payment verification
[22m[39mDEBUG: Checking calls to SpecialRazorpayMock

[90mstderr[2m | test/plugins/razorpay/admin/DonationForm.test.tsx[2m > [22m[2mDonationForm[2m > [22m[2mAccessibility[2m > [22m[2mshould show success screen after successful payment verification
[22m[39mWarning: `controlId` is ignored on `<FormLabel>` when `htmlFor` is specified.
Warning: `controlId` is ignored on `<FormControl>` when `id` is specified.
Warning: `controlId` is ignored on `<FormLabel>` when `htmlFor` is specified.
Warning: `controlId` is ignored on `<FormControl>` when `id` is specified.

[90mstderr[2m | test/plugins/razorpay/admin/DonationForm.test.tsx[2m > [22m[2mDonationForm[2m > [22m[2mAccessibility[2m > [22m[2mshould show success screen after successful payment verification
[22m[39mWarning: `controlId` is ignored on `<FormLabel>` when `htmlFor` is specified.
Warning: `controlId` is ignored on `<FormControl>` when `id` is specified.
Warning: `controlId` is ignored on `<FormLabel>` when `htmlFor` is specified.
Warning: `controlId` is ignored on `<FormControl>` when `id` is specified.
[vitest] The vi.fn() mock did not use 'function' or 'class' in its implementation, see https://vitest.dev/api/vi#vi-spyon for examples.

[90mstderr[2m | test/plugins/razorpay/admin/DonationForm.test.tsx[2m > [22m[2mDonationForm[2m > [22m[2mAccessibility[2m > [22m[2mshould show success screen after successful payment verification
[22m[39mWarning: `controlId` is ignored on `<FormLabel>` when `htmlFor` is specified.
Warning: `controlId` is ignored on `<FormControl>` when `id` is specified.
Warning: `controlId` is ignored on `<FormLabel>` when `htmlFor` is specified.
Warning: `controlId` is ignored on `<FormControl>` when `id` is specified.

[90mstdout[2m | test/plugins/razorpay/admin/DonationForm.test.tsx[2m > [22m[2mDonationForm[2m > [22m[2mAccessibility[2m > [22m[2mshould show success screen after successful payment verification
[22m[39mDEBUG: Checking calls to SpecialRazorpayMock

[90mstdout[2m | test/plugins/razorpay/admin/DonationForm.test.tsx[2m > [22m[2mDonationForm[2m > [22m[2mAccessibility[2m > [22m[2mshould show success screen after successful payment verification
[22m[39mDEBUG: current state.handler: undefined

[90mstdout[2m | test/plugins/razorpay/admin/DonationForm.test.tsx[2m > [22m[2mDonationForm[2m > [22m[2mAccessibility[2m > [22m[2mshould show success screen after successful payment verification
[22m[39mDEBUG: current state.handler: undefined

[90mstdout[2m | test/plugins/razorpay/admin/DonationForm.test.tsx[2m > [22m[2mDonationForm[2m > [22m[2mAccessibility[2m > [22m[2mshould show success screen after successful payment verification
[22m[39mDEBUG: current state.handler: undefined

[90mstdout[2m | test/plugins/razorpay/admin/DonationForm.test.tsx[2m > [22m[2mDonationForm[2m > [22m[2mAccessibility[2m > [22m[2mshould show success screen after successful payment verification
[22m[39mDEBUG: current state.handler: undefined

[90mstdout[2m | test/plugins/razorpay/admin/DonationForm.test.tsx[2m > [22m[2mDonationForm[2m > [22m[2mAccessibility[2m > [22m[2mshould show success screen after successful payment verification
[22m[39mDEBUG: current state.handler: undefined

[90mstdout[2m | test/plugins/razorpay/admin/DonationForm.test.tsx[2m > [22m[2mDonationForm[2m > [22m[2mAccessibility[2m > [22m[2mshould show success screen after successful payment verification
[22m[39mDEBUG: current state.handler: undefined

[90mstdout[2m | test/plugins/razorpay/admin/DonationForm.test.tsx[2m > [22m[2mDonationForm[2m > [22m[2mAccessibility[2m > [22m[2mshould show success screen after successful payment verification
[22m[39mDEBUG: current state.handler: undefined

[90mstdout[2m | test/plugins/razorpay/admin/DonationForm.test.tsx[2m > [22m[2mDonationForm[2m > [22m[2mAccessibility[2m > [22m[2mshould show success screen after successful payment verification
[22m[39mDEBUG: current state.handler: undefined

[90mstdout[2m | test/plugins/razorpay/admin/DonationForm.test.tsx[2m > [22m[2mDonationForm[2m > [22m[2mAccessibility[2m > [22m[2mshould show success screen after successful payment verification
[22m[39mDEBUG: current state.handler: undefined

[90mstdout[2m | test/plugins/razorpay/admin/DonationForm.test.tsx[2m > [22m[2mDonationForm[2m > [22m[2mAccessibility[2m > [22m[2mshould show success screen after successful payment verification
[22m[39mDEBUG: current state.handler: undefined

[90mstdout[2m | test/plugins/razorpay/admin/DonationForm.test.tsx[2m > [22m[2mDonationForm[2m > [22m[2mAccessibility[2m > [22m[2mshould show success screen after successful payment verification
[22m[39mDEBUG: current state.handler: undefined

[90mstdout[2m | test/plugins/razorpay/admin/DonationForm.test.tsx[2m > [22m[2mDonationForm[2m > [22m[2mAccessibility[2m > [22m[2mshould show success screen after successful payment verification
[22m[39mDEBUG: current state.handler: undefined

[90mstdout[2m | test/plugins/razorpay/admin/DonationForm.test.tsx[2m > [22m[2mDonationForm[2m > [22m[2mAccessibility[2m > [22m[2mshould show success screen after successful payment verification
[22m[39mDEBUG: current state.handler: undefined

[90mstdout[2m | test/plugins/razorpay/admin/DonationForm.test.tsx[2m > [22m[2mDonationForm[2m > [22m[2mAccessibility[2m > [22m[2mshould show success screen after successful payment verification
[22m[39mDEBUG: current state.handler: undefined

[90mstdout[2m | test/plugins/razorpay/admin/DonationForm.test.tsx[2m > [22m[2mDonationForm[2m > [22m[2mAccessibility[2m > [22m[2mshould show success screen after successful payment verification
[22m[39mDEBUG: current state.handler: undefined

[90mstdout[2m | test/plugins/razorpay/admin/DonationForm.test.tsx[2m > [22m[2mDonationForm[2m > [22m[2mAccessibility[2m > [22m[2mshould show success screen after successful payment verification
[22m[39mDEBUG: current state.handler: undefined

[90mstdout[2m | test/plugins/razorpay/admin/DonationForm.test.tsx[2m > [22m[2mDonationForm[2m > [22m[2mAccessibility[2m > [22m[2mshould show success screen after successful payment verification
[22m[39mDEBUG: current state.handler: undefined

[90mstdout[2m | test/plugins/razorpay/admin/DonationForm.test.tsx[2m > [22m[2mDonationForm[2m > [22m[2mAccessibility[2m > [22m[2mshould show success screen after successful payment verification
[22m[39mDEBUG: current state.handler: undefined

[90mstdout[2m | test/plugins/razorpay/admin/DonationForm.test.tsx[2m > [22m[2mDonationForm[2m > [22m[2mAccessibility[2m > [22m[2mshould show success screen after successful payment verification
[22m[39mDEBUG: current state.handler: undefined

[90mstdout[2m | test/plugins/razorpay/admin/DonationForm.test.tsx[2m > [22m[2mDonationForm[2m > [22m[2mAccessibility[2m > [22m[2mshould show success screen after successful payment verification
[22m[39mDEBUG: current state.handler: undefined

 [31m❯[39m test/plugins/razorpay/admin/DonationForm.test.tsx [2m([22m[2m19 tests[22m[2m | [22m[31m1 failed[39m[2m)[22m[33m 2696[2mms[22m[39m
       [32m✓[39m should show loader while fetching data[32m 34[2mms[22m[39m
       [32m✓[39m should render organization details[32m 83[2mms[22m[39m
       [32m✓[39m should pre-fill user details[32m 63[2mms[22m[39m
       [32m✓[39m should update amount when typing[32m 68[2mms[22m[39m
       [32m✓[39m should enable submit button when form is valid[32m 136[2mms[22m[39m
       [32m✓[39m should initiate payment on submit[32m 151[2mms[22m[39m
       [32m✓[39m should show error if config is disabled[32m 54[2mms[22m[39m
       [32m✓[39m should show error if data fetch fails[32m 44[2mms[22m[39m
       [32m✓[39m should handle CREATE_PAYMENT_ORDER mutation failure[32m 152[2mms[22m[39m
       [32m✓[39m should not allow submission with zero amount[32m 96[2mms[22m[39m
       [32m✓[39m should not allow submission with negative amount[32m 95[2mms[22m[39m
       [32m✓[39m should handle Razorpay checkout handler failure[32m 123[2mms[22m[39m
       [32m✓[39m should handle Razorpay SDK not available[32m 147[2mms[22m[39m
       [32m✓[39m should handle network timeout errors[32m 55[2mms[22m[39m
       [32m✓[39m should have proper ARIA attributes on required form fields[32m 74[2mms[22m[39m
       [32m✓[39m should have accessible error alerts with role="alert"[32m 49[2mms[22m[39m
       [32m✓[39m should submit form and open Razorpay modal[32m 135[2mms[22m[39m
       [32m✓[39m should load and cleanup the Razorpay script[32m 4[2mms[22m[39m
[31m       [31m×[31m should show success screen after successful payment verification[39m[33m 1130[2mms[22m[39m

[31m⎯⎯⎯⎯⎯⎯⎯[39m[1m[41m Failed Tests 1 [49m[22m[31m⎯⎯⎯⎯⎯⎯⎯[39m

[41m[1m FAIL [22m[49m test/plugins/razorpay/admin/DonationForm.test.tsx[2m > [22mDonationForm[2m > [22mAccessibility[2m > [22mshould show success screen after successful payment verification
[31m[1mAssertionError[22m[39m: expected undefined to be defined

Ignored nodes: comments, script, style
[36m<html>[39m
  [36m<head />[39m
  [36m<body>[39m
    [36m<div>[39m
      [36m<div[39m
        [33mclass[39m=[32m"container mx-auto p-6"[39m
      [36m>[39m
        [36m<div[39m
          [33mclass[39m=[32m"max-w-2xl mx-auto"[39m
        [36m>[39m
          [36m<div[39m
            [33mclass[39m=[32m"mb-6"[39m
          [36m>[39m
            [36m<h1[39m
              [33mclass[39m=[32m"text-3xl font-bold text-gray-900"[39m
            [36m>[39m
              [0mMake a Donation[0m
            [36m</h1>[39m
            [36m<p[39m
              [33mclass[39m=[32m"text-gray-600 mt-2"[39m
            [36m>[39m
              [0mSupport [0m
              [0mTest Organization[0m
              [0m with your generous donation[0m
            [36m</p>[39m
          [36m</div>[39m
          [36m<div[39m
            [33mclass[39m=[32m"mb-6 card"[39m
          [36m>[39m
            [36m<div[39m
              [33mclass[39m=[32m"p-6 card-body"[39m
            [36m>[39m
              [36m<div[39m
                [33mclass[39m=[32m"d-flex align-items-center"[39m
              [36m>[39m
                [36m<img[39m
                  [33malt[39m=[32m"Test Organization"[39m
                  [33mclass[39m=[32m"w-16 h-16 rounded-circle me-3"[39m
                  [33msrc[39m=[32m"https://example.com/avatar.png"[39m
                  [33mstyle[39m=[32m"object-fit: cover;"[39m
                [36m/>[39m
                [36m<div>[39m
                  [36m<h2[39m
                    [33mclass[39m=[32m"text-xl font-semibold"[39m
                  [36m>[39m
                    [0mTest Organization[0m
                  [36m</h2>[39m
                  [36m<p[39m
                    [33mclass[39m=[32m"text-muted"[39m
                  [36m>[39m
                    [0mA test organization for donations[0m
                  [36m</p>[39m
                [36m</div>[39m
              [36m</div>[39m
            [36m</div>[39m
          [36m</div>[39m
          [36m<div[39m
            [33mclass[39m=[32m"card"[39m
          [36m>[39m
            [36m<div[39m
              [33mclass[39m=[32m"card-header"[39m
            [36m>[39m
              [36m<div[39m
                [33mclass[39m=[32m"card-title h5"[39m
              [36m>[39m
                [0mDonation Details[0m
              [36m</div>[39m
            [36m</div>[39m
            [36m<div[39m
              [33mclass[39m=[32m"card-body"[39m
            [36m>[39m
              [36m<form[39m
                [33mclass[39m=[32m""[39m
              [36m>[39m
                [36m<div[39m
                  [33mclass[39m=[32m"mb-4"[39m
                [36m>[39m
                  [36m<h3[39m
                    [33mclass[39m=[32m"text-lg font-semibold mb-3"[39m
                  [36m>[39m
                    [0mDonation Amount[0m
                  [36m</h3>[39m
                  [36m<div[39m
                    [33mclass[39m=[32m"row"[39m
                  [36m>[39m
                    [36m<div[39m
                      [33mclass[39m=[32m"col-md-6"[39m
                    [36m>[39m
                      [36m<div[39m
                        [33mclass[39m=[32m"mb-3"[39m
                      [36m>[39m
                        [36m<label[39m
                          [33mclass[39m=[32m"form-label"[39m
                          [33mfor[39m=[32m"donation-amount"[39m
                        [36m>[39m
                          [0mAmount[0m
                        [36m</label>[39m
                        [36m<div[39m
                          [33mclass[39m=[32m"position-relative"[39m
                        [36m>[39m
                          [36m<span[39m
                            [33mclass[39m=[32m"position-absolute top-50 start-0 translate-middle-y ms-2 text-muted"[39m
                          [36m>[39m
                            [0m₹[0m
                          [36m</span>[39m
                          [36m<input[39m
                            [33maria-invalid[39m=[32m"false"[39m
                            [33maria-label[39m=[32m"Amount"[39m
                            [33maria-required[39m=[32m"true"[39m
                            [33mclass[39m=[32m"ps-4 form-control"[39m
                            [33mid[39m=[32m"donation-amount"[39m
                            [33mmin[39m=[32m"1"[39m
                            [33mplaceholder[39m=[32m"0.00"[39m
                            [33mrequired[39m=[32m""[39m
                            [33mstep[39m=[32m"0.01"[39m
                            [33mtype[39m=[32m"number"[39m
                            [33mvalue[39m=[32m"100"[39m
                          [36m/>[39m
                        [36m</div>[39m
                      [36m</div>[39m
                    [36m</div>[39m
                    [36m<div[39m
                      [33mclass[39m=[32m"col-md-6"[39m
                    [36m>[39m
                      [36m<div[39m
                        [33mclass[39m=[32m"mb-3"[39m
                      [36m>[39m
                        [36m<label[39m
                          [33mclass[39m=[32m"form-label"[39m
                        [36m>[39m
                          [0mCurrency[0m
                        [36m</label>[39m
                        [36m<select[39m
                          [33mclass[39m=[32m"form-select"[39m
                        [36m>[39m
                          [36m<option[39m
                            [33mvalue[39m=[32m"INR"[39m
                          [36m>[39m
                            [0mINR (₹)[0m
                          [36m</option>[39m
                          [36m<option[39m
                            [33mvalue[39m=[32m"USD"[39m
                          [36m>[39m
                            [0mUSD ($)[0m
                          [36m</option>[39m
                          [36m<option[39m
                            [33mvalue[39m=[32m"EUR"[39m
                          [36m>[39m
                            [0mEUR (€)[0m
                          [36m</option>[39m
                          [36m<option[39m
                            [33mvalue[39m=[32m"GBP"[39m
                          [36m>[39m
                            [0mGBP (£)[0m
                          [36m</option>[39m
                        [36m</select>[39m
                      [36m</div>[39m
                    [36m</div>[39m
                  [36m</div>[39m
                  [36m<div[39m
                    [33mclass[39m=[32m"mb-3"[39m
                  [36m>[39m
                    [36m<label[39m
                      [33mclass[39m=[32m"form-label"[39m
                    [36m>[39m
        ...
[36m [2m❯[22m test/plugins/razorpay/admin/DonationForm.test.tsx:[2m716:31[22m[39m
    [90m714| [39m      [35mawait[39m [34mwaitFor[39m(() [33m=>[39m {
    [90m715| [39m        console.log('DEBUG: current state.handler:', typeof state.hand…
    [90m716| [39m        [34mexpect[39m(state[33m.[39mhandler)[33m.[39m[34mtoBeDefined[39m()[33m;[39m
    [90m   | [39m                              [31m^[39m
    [90m717| [39m      })[33m;[39m
    [90m718| [39m
[90m [2m❯[22m runWithExpensiveErrorDiagnosticsDisabled node_modules/.pnpm/@testing-library+dom@9.3.4/node_modules/@testing-library/dom/dist/config.js:[2m47:12[22m[39m
[90m [2m❯[22m checkCallback node_modules/.pnpm/@testing-library+dom@9.3.4/node_modules/@testing-library/dom/dist/wait-for.js:[2m124:77[22m[39m
[90m [2m❯[22m Timeout.checkRealTimersCallback node_modules/.pnpm/@testing-library+dom@9.3.4/node_modules/@testing-library/dom/dist/wait-for.js:[2m118:16[22m[39m

[31m[2m⎯⎯⎯⎯⎯⎯⎯⎯⎯⎯⎯⎯⎯⎯⎯⎯⎯⎯⎯⎯⎯⎯⎯⎯[1/1]⎯[22m[39m


[2m Test Files [22m [1m[31m1 failed[39m[22m[90m (1)[39m
[2m      Tests [22m [1m[31m1 failed[39m[22m[2m | [22m[1m[32m18 passed[39m[22m[90m (19)[39m
[2m   Start at [22m 11:08:11
[2m   Duration [22m 3.56s[2m (transform 109ms, setup 80ms, import 424ms, tests 2.70s, environment 277ms)[22m

